## branch-protection
status: fail
exit: 1
duration_seconds: 0.000
command:

stdout:


stderr:
Direct commits to protected branch 'main' are not allowed. Create a feature branch.

## backup
status: pass
exit: 0
duration_seconds: 0.110
command: /home/brais/miniconda3/envs/tf/bin/python /home/brais/code/br_pypi_publisher/br_pre_commit/src/br_pre_commit/backup.py --repo /home/brais/code/br_pypi_publisher --print-manifest-json

stdout:
{"branch": "main", "commit_hash": "66a7057933b09089bae71a0feed902bc4ac0dccd", "timestamp": "20260910T091353", "snapshot_dir": "logs/pre-commit/backup-patches/main.66a7057", "staged": [{"original_path": ".gitmodules", "type": "patch", "stored_path": "staged/.gitmodules.4ac487a.patch"}, {"original_path": "README.md", "type": "patch", "stored_path": "staged/README.8308958.patch"}, {"original_path": "br_pre_commit", "type": "patch", "stored_path": "staged/br_pre_commit.dfcf0c4.patch"}, {"original_path": "install.sh", "type": "patch", "stored_path": "staged/install.0a7a052.patch"}, {"original_path": "pre-commit", "type": "patch", "stored_path": "staged/pre-commit.15fdad0.patch"}, {"original_path": "publish_to_pypi.sh", "type": "patch", "stored_path": "staged/publish_to_pypi.07f1705.patch"}, {"original_path": "scripts/publish_to_pypi.py", "type": "patch", "stored_path": "staged/scripts/publish_to_pypi.de28e75.patch"}, {"original_path": "scripts/publish_to_pypi.sh", "type": "patch", "stored_path": "staged/scripts/publish_to_pypi.e4d1559.patch"}], "unstaged": [], "untracked": []}


stderr:
Using selector: EpollSelector
Taking snapshot /home/brais/code/br_pypi_publisher...
Snapshot saved to /home/brais/code/br_pypi_publisher/logs/pre-commit/backup-patches/main.66a7057 | 8 staged, 0 unstaged, 0 untracked | 18.7 KB
Backup script exited with code 0
